{"level":"info","message":"Hello from Acquisitions","service":"acquisitions-api"}
{"level":"info","message":"::1 - - [26/Dec/2025:10:50:07 +0000] \"GET / HTTP/1.1\" 304 - \"-\" \"Mozilla/5.0 (Windows NT 10.0; Win64; x64) AppleWebKit/537.36 (KHTML, like Gecko) Chrome/143.0.0.0 Safari/537.36\"","service":"acquisitions-api"}
{"level":"info","message":"Hello from Acquisitions","service":"acquisitions-api"}
{"level":"info","message":"::1 - - [03/Jan/2026:06:51:37 +0000] \"GET / HTTP/1.1\" 200 28 \"-\" \"PostmanRuntime/7.49.1\"","service":"acquisitions-api"}
{"level":"info","message":"::1 - - [03/Jan/2026:06:51:45 +0000] \"GET /api HTTP/1.1\" 200 41 \"-\" \"PostmanRuntime/7.49.1\"","service":"acquisitions-api"}
{"level":"info","message":"::1 - - [03/Jan/2026:06:56:30 +0000] \"GET /api/sign-in HTTP/1.1\" 404 150 \"-\" \"PostmanRuntime/7.49.1\"","service":"acquisitions-api"}
{"level":"info","message":"::1 - - [03/Jan/2026:06:57:17 +0000] \"GET /api/auth/sign-in HTTP/1.1\" 404 155 \"-\" \"PostmanRuntime/7.49.1\"","service":"acquisitions-api"}
{"level":"info","message":"::1 - - [03/Jan/2026:06:57:53 +0000] \"GET /api/auth/sign-in HTTP/1.1\" 404 155 \"-\" \"PostmanRuntime/7.49.1\"","service":"acquisitions-api"}
{"level":"info","message":"::1 - - [03/Jan/2026:06:58:13 +0000] \"GET /health HTTP/1.1\" 200 75 \"-\" \"PostmanRuntime/7.49.1\"","service":"acquisitions-api"}
{"level":"info","message":"::1 - - [03/Jan/2026:06:58:20 +0000] \"GET /api/auth/sign-in HTTP/1.1\" 404 155 \"-\" \"PostmanRuntime/7.49.1\"","service":"acquisitions-api"}
{"level":"info","message":"::1 - - [03/Jan/2026:06:58:30 +0000] \"POST /api/auth/sign-in HTTP/1.1\" 200 31 \"-\" \"PostmanRuntime/7.49.1\"","service":"acquisitions-api"}
{"level":"info","message":"::1 - - [03/Jan/2026:07:10:04 +0000] \"POST /api/auth/sign-in HTTP/1.1\" 200 31 \"-\" \"PostmanRuntime/7.49.1\"","service":"acquisitions-api"}
{"level":"info","message":"Hello from Acquisitions","service":"acquisitions-api"}
{"level":"info","message":"::1 - - [03/Jan/2026:07:28:17 +0000] \"GET / HTTP/1.1\" 200 28 \"-\" \"Mozilla/5.0 (Windows NT 10.0; Win64; x64) AppleWebKit/537.36 (KHTML, like Gecko) Chrome/143.0.0.0 Safari/537.36\"","service":"acquisitions-api"}
{"level":"info","message":"::1 - - [03/Jan/2026:07:28:17 +0000] \"GET /favicon.ico HTTP/1.1\" 404 150 \"-\" \"Mozilla/5.0 (Windows NT 10.0; Win64; x64) AppleWebKit/537.36 (KHTML, like Gecko) Chrome/143.0.0.0 Safari/537.36\"","service":"acquisitions-api"}
{"level":"info","message":"::1 - - [04/Jan/2026:03:19:06 +0000] \"POST /api/auth/sign-in HTTP/1.1\" 200 31 \"-\" \"PostmanRuntime/7.51.0\"","service":"acquisitions-api"}
{"level":"info","message":"::1 - - [04/Jan/2026:04:26:38 +0000] \"POST /api/auth/sign-up HTTP/1.1\" 400 147 \"-\" \"PostmanRuntime/7.51.0\"","service":"acquisitions-api"}
{"level":"info","message":"::1 - - [04/Jan/2026:06:22:01 +0000] \"POST /api/auth/sign-up HTTP/1.1\" 400 94 \"-\" \"PostmanRuntime/7.51.0\"","service":"acquisitions-api"}
{"level":"info","message":"::1 - - [04/Jan/2026:06:22:19 +0000] \"POST /api/auth/sign-up HTTP/1.1\" 400 94 \"-\" \"PostmanRuntime/7.51.0\"","service":"acquisitions-api"}
{"level":"info","message":"::1 - - [04/Jan/2026:06:22:34 +0000] \"POST /api/auth/sign-up HTTP/1.1\" 400 94 \"-\" \"PostmanRuntime/7.51.0\"","service":"acquisitions-api"}
{"level":"info","message":"::1 - - [04/Jan/2026:06:23:29 +0000] \"POST /api/auth/sign-up HTTP/1.1\" 400 94 \"-\" \"PostmanRuntime/7.51.0\"","service":"acquisitions-api"}
{"level":"info","message":"User registered successfully contact@google.com","service":"acquisitions-api"}
{"level":"info","message":"::1 - - [04/Jan/2026:06:25:32 +0000] \"POST /api/auth/sign-up HTTP/1.1\" 201 117 \"-\" \"PostmanRuntime/7.51.0\"","service":"acquisitions-api"}
{"level":"info","message":"User registered successfully contact@google.com","service":"acquisitions-api"}
{"level":"info","message":"::1 - - [04/Jan/2026:06:25:33 +0000] \"POST /api/auth/sign-up HTTP/1.1\" 201 117 \"-\" \"PostmanRuntime/7.51.0\"","service":"acquisitions-api"}
{"level":"error","message":"Error creating new user RangeError: Maximum call stack size exceeded","service":"acquisitions-api"}
{"level":"error","message":"Signup error Maximum call stack size exceeded","service":"acquisitions-api","stack":"RangeError: Maximum call stack size exceeded\n    at Array.values (<anonymous>)\n    at file:///D:/Personal%20Projects/acquisitions/node_modules/drizzle-orm/utils.js:55:40\n    at Array.reduce (<anonymous>)\n    at orderSelectedFields (file:///D:/Personal%20Projects/acquisitions/node_modules/drizzle-orm/utils.js:55:33)\n    at file:///D:/Personal%20Projects/acquisitions/node_modules/drizzle-orm/utils.js:65:22\n    at Array.reduce (<anonymous>)\n    at orderSelectedFields (file:///D:/Personal%20Projects/acquisitions/node_modules/drizzle-orm/utils.js:55:33)\n    at file:///D:/Personal%20Projects/acquisitions/node_modules/drizzle-orm/utils.js:65:22\n    at Array.reduce (<anonymous>)\n    at orderSelectedFields (file:///D:/Personal%20Projects/acquisitions/node_modules/drizzle-orm/utils.js:55:33)"}
{"level":"info","message":"::1 - - [04/Jan/2026:07:47:44 +0000] \"POST /api/auth/sign-up HTTP/1.1\" 500 1073 \"-\" \"PostmanRuntime/7.51.0\"","service":"acquisitions-api"}
{"level":"error","message":"Error creating new user RangeError: Maximum call stack size exceeded","service":"acquisitions-api"}
{"level":"error","message":"Signup error Maximum call stack size exceeded","service":"acquisitions-api","stack":"RangeError: Maximum call stack size exceeded\n    at Array.values (<anonymous>)\n    at file:///D:/Personal%20Projects/acquisitions/node_modules/drizzle-orm/utils.js:55:40\n    at Array.reduce (<anonymous>)\n    at orderSelectedFields (file:///D:/Personal%20Projects/acquisitions/node_modules/drizzle-orm/utils.js:55:33)\n    at file:///D:/Personal%20Projects/acquisitions/node_modules/drizzle-orm/utils.js:65:22\n    at Array.reduce (<anonymous>)\n    at orderSelectedFields (file:///D:/Personal%20Projects/acquisitions/node_modules/drizzle-orm/utils.js:55:33)\n    at file:///D:/Personal%20Projects/acquisitions/node_modules/drizzle-orm/utils.js:65:22\n    at Array.reduce (<anonymous>)\n    at orderSelectedFields (file:///D:/Personal%20Projects/acquisitions/node_modules/drizzle-orm/utils.js:55:33)"}
{"level":"info","message":"::1 - - [04/Jan/2026:07:47:48 +0000] \"POST /api/auth/sign-up HTTP/1.1\" 500 1073 \"-\" \"PostmanRuntime/7.51.0\"","service":"acquisitions-api"}
{"level":"error","message":"Error creating new user RangeError: Maximum call stack size exceeded","service":"acquisitions-api"}
{"level":"error","message":"Signup error Maximum call stack size exceeded","service":"acquisitions-api","stack":"RangeError: Maximum call stack size exceeded\n    at Object.entries (<anonymous>)\n    at orderSelectedFields (file:///D:/Personal%20Projects/acquisitions/node_modules/drizzle-orm/utils.js:55:17)\n    at file:///D:/Personal%20Projects/acquisitions/node_modules/drizzle-orm/utils.js:65:22\n    at Array.reduce (<anonymous>)\n    at orderSelectedFields (file:///D:/Personal%20Projects/acquisitions/node_modules/drizzle-orm/utils.js:55:33)\n    at file:///D:/Personal%20Projects/acquisitions/node_modules/drizzle-orm/utils.js:65:22\n    at Array.reduce (<anonymous>)\n    at orderSelectedFields (file:///D:/Personal%20Projects/acquisitions/node_modules/drizzle-orm/utils.js:55:33)\n    at file:///D:/Personal%20Projects/acquisitions/node_modules/drizzle-orm/utils.js:65:22\n    at Array.reduce (<anonymous>)"}
{"level":"info","message":"::1 - - [05/Jan/2026:06:35:31 +0000] \"POST /api/auth/sign-up HTTP/1.1\" 500 1075 \"-\" \"PostmanRuntime/7.51.0\"","service":"acquisitions-api"}
{"level":"error","message":"Error creating new user RangeError: Maximum call stack size exceeded","service":"acquisitions-api"}
{"level":"error","message":"Signup error Maximum call stack size exceeded","service":"acquisitions-api","stack":"RangeError: Maximum call stack size exceeded\n    at Array.values (<anonymous>)\n    at file:///D:/Personal%20Projects/acquisitions/node_modules/drizzle-orm/utils.js:55:40\n    at Array.reduce (<anonymous>)\n    at orderSelectedFields (file:///D:/Personal%20Projects/acquisitions/node_modules/drizzle-orm/utils.js:55:33)\n    at file:///D:/Personal%20Projects/acquisitions/node_modules/drizzle-orm/utils.js:65:22\n    at Array.reduce (<anonymous>)\n    at orderSelectedFields (file:///D:/Personal%20Projects/acquisitions/node_modules/drizzle-orm/utils.js:55:33)\n    at file:///D:/Personal%20Projects/acquisitions/node_modules/drizzle-orm/utils.js:65:22\n    at Array.reduce (<anonymous>)\n    at orderSelectedFields (file:///D:/Personal%20Projects/acquisitions/node_modules/drizzle-orm/utils.js:55:33)"}
{"level":"info","message":"::1 - - [05/Jan/2026:06:35:48 +0000] \"POST /api/auth/sign-up HTTP/1.1\" 500 1073 \"-\" \"PostmanRuntime/7.51.0\"","service":"acquisitions-api"}
{"level":"error","message":"Error creating new user RangeError: Maximum call stack size exceeded","service":"acquisitions-api"}
{"level":"error","message":"Signup error Maximum call stack size exceeded","service":"acquisitions-api","stack":"RangeError: Maximum call stack size exceeded\n    at Array.values (<anonymous>)\n    at file:///D:/Personal%20Projects/acquisitions/node_modules/drizzle-orm/utils.js:55:40\n    at Array.reduce (<anonymous>)\n    at orderSelectedFields (file:///D:/Personal%20Projects/acquisitions/node_modules/drizzle-orm/utils.js:55:33)\n    at file:///D:/Personal%20Projects/acquisitions/node_modules/drizzle-orm/utils.js:65:22\n    at Array.reduce (<anonymous>)\n    at orderSelectedFields (file:///D:/Personal%20Projects/acquisitions/node_modules/drizzle-orm/utils.js:55:33)\n    at file:///D:/Personal%20Projects/acquisitions/node_modules/drizzle-orm/utils.js:65:22\n    at Array.reduce (<anonymous>)\n    at orderSelectedFields (file:///D:/Personal%20Projects/acquisitions/node_modules/drizzle-orm/utils.js:55:33)"}
{"level":"info","message":"::1 - - [05/Jan/2026:06:41:34 +0000] \"POST /api/auth/sign-up HTTP/1.1\" 500 1073 \"-\" \"PostmanRuntime/7.51.0\"","service":"acquisitions-api"}
{"level":"error","message":"Error creating new user RangeError: Maximum call stack size exceeded","service":"acquisitions-api"}
{"level":"error","message":"Signup error Maximum call stack size exceeded","service":"acquisitions-api","stack":"RangeError: Maximum call stack size exceeded\n    at Object.entries (<anonymous>)\n    at orderSelectedFields (file:///D:/Personal%20Projects/acquisitions/node_modules/drizzle-orm/utils.js:55:17)\n    at file:///D:/Personal%20Projects/acquisitions/node_modules/drizzle-orm/utils.js:65:22\n    at Array.reduce (<anonymous>)\n    at orderSelectedFields (file:///D:/Personal%20Projects/acquisitions/node_modules/drizzle-orm/utils.js:55:33)\n    at file:///D:/Personal%20Projects/acquisitions/node_modules/drizzle-orm/utils.js:65:22\n    at Array.reduce (<anonymous>)\n    at orderSelectedFields (file:///D:/Personal%20Projects/acquisitions/node_modules/drizzle-orm/utils.js:55:33)\n    at file:///D:/Personal%20Projects/acquisitions/node_modules/drizzle-orm/utils.js:65:22\n    at Array.reduce (<anonymous>)"}
{"level":"info","message":"::1 - - [05/Jan/2026:06:42:34 +0000] \"POST /api/auth/sign-up HTTP/1.1\" 500 1075 \"-\" \"PostmanRuntime/7.51.0\"","service":"acquisitions-api"}
{"level":"error","message":"Error creating new user RangeError: Maximum call stack size exceeded","service":"acquisitions-api"}
{"level":"error","message":"Signup error Maximum call stack size exceeded","service":"acquisitions-api","stack":"RangeError: Maximum call stack size exceeded\n    at Object.entries (<anonymous>)\n    at orderSelectedFields (file:///D:/Personal%20Projects/acquisitions/node_modules/drizzle-orm/utils.js:55:17)\n    at file:///D:/Personal%20Projects/acquisitions/node_modules/drizzle-orm/utils.js:65:22\n    at Array.reduce (<anonymous>)\n    at orderSelectedFields (file:///D:/Personal%20Projects/acquisitions/node_modules/drizzle-orm/utils.js:55:33)\n    at file:///D:/Personal%20Projects/acquisitions/node_modules/drizzle-orm/utils.js:65:22\n    at Array.reduce (<anonymous>)\n    at orderSelectedFields (file:///D:/Personal%20Projects/acquisitions/node_modules/drizzle-orm/utils.js:55:33)\n    at file:///D:/Personal%20Projects/acquisitions/node_modules/drizzle-orm/utils.js:65:22\n    at Array.reduce (<anonymous>)"}
{"level":"info","message":"::1 - - [05/Jan/2026:06:46:10 +0000] \"POST /api/auth/sign-up HTTP/1.1\" 500 1075 \"-\" \"PostmanRuntime/7.51.0\"","service":"acquisitions-api"}
{"level":"info","message":"User contact@gmail.com created successfully","service":"acquisitions-api"}
{"level":"info","message":"User registered successfully contact@gmail.com","service":"acquisitions-api"}
{"level":"info","message":"::1 - - [05/Jan/2026:07:04:17 +0000] \"POST /api/auth/sign-up HTTP/1.1\" 201 117 \"-\" \"PostmanRuntime/7.51.0\"","service":"acquisitions-api"}
{"level":"error","message":"Error creating new user Error: User already exists","service":"acquisitions-api"}
{"level":"error","message":"Signup error User already exists","service":"acquisitions-api","stack":"Error: User already exists\n    at createUser (file:///D:/Personal%20Projects/acquisitions/src/services/auth.service.js:20:40)\n    at process.processTicksAndRejections (node:internal/process/task_queues:103:5)\n    at async signUp (file:///D:/Personal%20Projects/acquisitions/src/controllers/auth.controller.js:21:18)"}
{"level":"info","message":"::1 - - [05/Jan/2026:07:04:31 +0000] \"POST /api/auth/sign-up HTTP/1.1\" 500 481 \"-\" \"PostmanRuntime/7.51.0\"","service":"acquisitions-api"}
{"level":"error","message":"Error creating new user Error: User already exists","service":"acquisitions-api"}
{"level":"error","message":"Signup error User already exists","service":"acquisitions-api","stack":"Error: User already exists\n    at createUser (file:///D:/Personal%20Projects/acquisitions/src/services/auth.service.js:20:40)\n    at process.processTicksAndRejections (node:internal/process/task_queues:103:5)\n    at async signUp (file:///D:/Personal%20Projects/acquisitions/src/controllers/auth.controller.js:21:18)"}
{"level":"info","message":"::1 - - [05/Jan/2026:07:06:10 +0000] \"POST /api/auth/sign-up HTTP/1.1\" 500 481 \"-\" \"PostmanRuntime/7.51.0\"","service":"acquisitions-api"}
{"level":"error","message":"Error creating new user RangeError: Maximum call stack size exceeded","service":"acquisitions-api"}
{"level":"error","message":"Signup error Maximum call stack size exceeded","service":"acquisitions-api","stack":"RangeError: Maximum call stack size exceeded\n    at Object.entries (<anonymous>)\n    at orderSelectedFields (file:///D:/Personal%20Projects/acquisitions/node_modules/drizzle-orm/utils.js:55:17)\n    at file:///D:/Personal%20Projects/acquisitions/node_modules/drizzle-orm/utils.js:65:22\n    at Array.reduce (<anonymous>)\n    at orderSelectedFields (file:///D:/Personal%20Projects/acquisitions/node_modules/drizzle-orm/utils.js:55:33)\n    at file:///D:/Personal%20Projects/acquisitions/node_modules/drizzle-orm/utils.js:65:22\n    at Array.reduce (<anonymous>)\n    at orderSelectedFields (file:///D:/Personal%20Projects/acquisitions/node_modules/drizzle-orm/utils.js:55:33)\n    at file:///D:/Personal%20Projects/acquisitions/node_modules/drizzle-orm/utils.js:65:22\n    at Array.reduce (<anonymous>)"}
{"level":"info","message":"::1 - - [05/Jan/2026:07:06:22 +0000] \"POST /api/auth/sign-up HTTP/1.1\" 500 1075 \"-\" \"PostmanRuntime/7.51.0\"","service":"acquisitions-api"}
{"level":"info","message":"User undefined created successfully","service":"acquisitions-api"}
{"level":"info","message":"User registered successfully contacts@gmail.com","service":"acquisitions-api"}
{"level":"info","message":"::1 - - [05/Jan/2026:07:06:57 +0000] \"POST /api/auth/sign-up HTTP/1.1\" 201 58 \"-\" \"PostmanRuntime/7.51.0\"","service":"acquisitions-api"}
{"level":"info","message":"User contactnew@gmail.com created successfully","service":"acquisitions-api"}
{"level":"info","message":"User registered successfully contactnew@gmail.com","service":"acquisitions-api"}
{"level":"info","message":"::1 - - [05/Jan/2026:07:08:10 +0000] \"POST /api/auth/sign-up HTTP/1.1\" 201 124 \"-\" \"PostmanRuntime/7.51.0\"","service":"acquisitions-api"}
{"level":"info","message":"User logged in successfully contact@gmail.com","service":"acquisitions-api"}
{"level":"info","message":"::1 - - [06/Jan/2026:03:23:57 +0000] \"POST /api/auth/sign-in HTTP/1.1\" 200 116 \"-\" \"PostmanRuntime/7.51.0\"","service":"acquisitions-api"}
{"level":"info","message":"User signed out successfully","service":"acquisitions-api"}
{"level":"info","message":"::1 - - [06/Jan/2026:03:24:39 +0000] \"POST /api/auth/sign-out HTTP/1.1\" 200 42 \"-\" \"PostmanRuntime/7.51.0\"","service":"acquisitions-api"}
{"ip":"::1","level":"warn","message":"Bot request blocked","path":"/api/auth/sign-in","service":"acquisitions-api","userAgent":"PostmanRuntime/7.51.0"}
{"level":"info","message":"::1 - - [06/Jan/2026:05:43:51 +0000] \"GET /api/auth/sign-in HTTP/1.1\" 403 67 \"-\" \"PostmanRuntime/7.51.0\"","service":"acquisitions-api"}
{"ip":"::1","level":"warn","message":"Bot request blocked","path":"/helath","service":"acquisitions-api","userAgent":"PostmanRuntime/7.51.0"}
{"level":"info","message":"::1 - - [06/Jan/2026:05:48:22 +0000] \"GET /helath HTTP/1.1\" 403 125 \"-\" \"PostmanRuntime/7.51.0\"","service":"acquisitions-api"}
{"ip":"::1","level":"warn","message":"Bot request blocked","path":"/api/auth/sign-in","service":"acquisitions-api","userAgent":"PostmanRuntime/7.51.0"}
{"level":"info","message":"::1 - - [06/Jan/2026:05:49:23 +0000] \"POST /api/auth/sign-in HTTP/1.1\" 403 125 \"-\" \"PostmanRuntime/7.51.0\"","service":"acquisitions-api"}
{"ip":"::1","level":"warn","message":"Bot request blocked","path":"/api/auth/sign-in","service":"acquisitions-api","userAgent":"PostmanRuntime/7.51.0"}
{"level":"info","message":"::1 - - [06/Jan/2026:05:52:41 +0000] \"POST /api/auth/sign-in HTTP/1.1\" 403 125 \"-\" \"PostmanRuntime/7.51.0\"","service":"acquisitions-api"}
{"ip":"::1","level":"warn","message":"Bot request blocked","path":"/api/auth/sign-in","service":"acquisitions-api","userAgent":"PostmanRuntime/7.51.0"}
{"level":"info","message":"::1 - - [06/Jan/2026:05:59:33 +0000] \"POST /api/auth/sign-in HTTP/1.1\" 403 125 \"-\" \"PostmanRuntime/7.51.0\"","service":"acquisitions-api"}
{"level":"info","message":"User logged in successfully contact@gmail.com","service":"acquisitions-api"}
{"level":"info","message":"::1 - - [06/Jan/2026:06:07:21 +0000] \"POST /api/auth/sign-in HTTP/1.1\" 200 116 \"-\" \"PostmanRuntime/7.51.0\"","service":"acquisitions-api"}
{"level":"info","message":"::1 - - [06/Jan/2026:06:07:52 +0000] \"GET /helath HTTP/1.1\" 404 145 \"-\" \"PostmanRuntime/7.51.0\"","service":"acquisitions-api"}
{"level":"info","message":"::1 - - [06/Jan/2026:06:08:02 +0000] \"GET /health HTTP/1.1\" 200 74 \"-\" \"PostmanRuntime/7.51.0\"","service":"acquisitions-api"}
{"level":"info","message":"::1 - - [06/Jan/2026:06:08:06 +0000] \"GET /health HTTP/1.1\" - - \"-\" \"PostmanRuntime/7.51.0\"","service":"acquisitions-api"}
{"level":"info","message":"::1 - - [06/Jan/2026:06:08:10 +0000] \"GET /health HTTP/1.1\" 200 74 \"-\" \"PostmanRuntime/7.51.0\"","service":"acquisitions-api"}
{"level":"info","message":"::1 - - [06/Jan/2026:06:08:40 +0000] \"GET /health HTTP/1.1\" 200 74 \"-\" \"PostmanRuntime/7.51.0\"","service":"acquisitions-api"}
{"level":"info","message":"::1 - - [06/Jan/2026:06:08:46 +0000] \"GET /health HTTP/1.1\" 200 74 \"-\" \"PostmanRuntime/7.51.0\"","service":"acquisitions-api"}
{"level":"info","message":"::1 - - [06/Jan/2026:06:08:47 +0000] \"GET /health HTTP/1.1\" 200 74 \"-\" \"PostmanRuntime/7.51.0\"","service":"acquisitions-api"}
{"level":"info","message":"::1 - - [06/Jan/2026:06:08:48 +0000] \"GET /health HTTP/1.1\" 200 73 \"-\" \"PostmanRuntime/7.51.0\"","service":"acquisitions-api"}
{"level":"info","message":"::1 - - [06/Jan/2026:06:08:49 +0000] \"GET /health HTTP/1.1\" 200 74 \"-\" \"PostmanRuntime/7.51.0\"","service":"acquisitions-api"}
{"ip":"::1","level":"warn","message":"Shield Blocked request","path":"/health","service":"acquisitions-api","userAgent":"PostmanRuntime/7.51.0"}
{"level":"info","message":"::1 - - [06/Jan/2026:06:08:50 +0000] \"GET /health HTTP/1.1\" 403 131 \"-\" \"PostmanRuntime/7.51.0\"","service":"acquisitions-api"}
{"ip":"::1","level":"warn","message":"Shield Blocked request","path":"/health","service":"acquisitions-api","userAgent":"PostmanRuntime/7.51.0"}
{"level":"info","message":"::1 - - [06/Jan/2026:06:08:50 +0000] \"GET /health HTTP/1.1\" 403 131 \"-\" \"PostmanRuntime/7.51.0\"","service":"acquisitions-api"}
{"level":"info","message":"Hello from Acquisitions","service":"acquisitions-api"}
{"level":"info","message":"::1 - - [06/Jan/2026:08:10:40 +0000] \"GET / HTTP/1.1\" 304 - \"-\" \"Mozilla/5.0 (Windows NT 10.0; Win64; x64) AppleWebKit/537.36 (KHTML, like Gecko) Chrome/143.0.0.0 Safari/537.36\"","service":"acquisitions-api"}
{"level":"info","message":"::1 - - [06/Jan/2026:08:10:40 +0000] \"GET /favicon.ico HTTP/1.1\" 404 150 \"-\" \"Mozilla/5.0 (Windows NT 10.0; Win64; x64) AppleWebKit/537.36 (KHTML, like Gecko) Chrome/143.0.0.0 Safari/537.36\"","service":"acquisitions-api"}
{"level":"info","message":"User malith@gmail.com created successfully","service":"acquisitions-api"}
{"level":"info","message":"User registered successfully malith@gmail.com","service":"acquisitions-api"}
{"level":"info","message":"::ffff:172.19.0.1 - - [06/Jan/2026:08:16:21 +0000] \"POST /api/auth/sign-up HTTP/1.1\" 201 123 \"-\" \"PostmanRuntime/7.51.0\"","service":"acquisitions-api"}
